// Jest Snapshot v1, https://goo.gl/fbAQLP

exports[`BrowsePage should render successfully 1`] = `
<BackgroundQuery>
  <div
    className="wye-BrowsePage root"
  >
    <WithStyles(ForwardRef(Container))
      className="wye-BrowsePage__container container"
      disableGutters={true}
      maxWidth="lg"
    >
      <WithStyles(ForwardRef(Container))
        className="wye-BrowsePage__main main"
        maxWidth={false}
      >
        <FeaturedItemsQuery
          classes={
            Object {
              "container": "container",
              "heading": "heading",
              "main": "main",
              "root": "root",
              "subHeading": "subHeading",
            }
          }
        />
      </WithStyles(ForwardRef(Container))>
    </WithStyles(ForwardRef(Container))>
  </div>
</BackgroundQuery>
`;
