// Jest Snapshot v1, https://goo.gl/fbAQLP

exports[`FilteredGameList should render successfully 1`] = `
<WithStyles(ForwardRef(Container))
  className="wye-FilteredGameList__root root"
  disableGutters={true}
  maxWidth="lg"
>
  <Styled(MuiBox)
    my={4}
  >
    <WithStyles(ForwardRef(Grid))
      container={true}
      justify="center"
      spacing={6}
    />
  </Styled(MuiBox)>
</WithStyles(ForwardRef(Container))>
`;
