// Jest Snapshot v1, https://goo.gl/fbAQLP

exports[`CheckboxFilterField should render successfully 1`] = `
<div
  className="wye-CheckboxFilterField root"
>
  <WithStyles(ForwardRef(Typography))
    className="wye-CheckboxFilterField__label label"
    gutterBottom={true}
    variant="body2"
  >
    label 2 
  </WithStyles(ForwardRef(Typography))>
  <div
    className="wye-CheckboxFilterField__optionsContainer optionsContainer"
  >
    <WithStyles(ForwardRef(FormControlLabel))
      control={
        <ForwardRef(WithStyles)
          checked={false}
          classes={
            Object {
              "checked": "checkboxChecked",
              "root": "checkbox",
            }
          }
          color="default"
          inputProps={
            Object {
              "aria-label": "name-option_optionA",
            }
          }
          onChange={[Function]}
          value="optionA"
        />
      }
      key="0"
      label="optionA"
    />
    <WithStyles(ForwardRef(FormControlLabel))
      control={
        <ForwardRef(WithStyles)
          checked={false}
          classes={
            Object {
              "checked": "checkboxChecked",
              "root": "checkbox",
            }
          }
          color="default"
          inputProps={
            Object {
              "aria-label": "name-option_optionB",
            }
          }
          onChange={[Function]}
          value="optionB"
        />
      }
      key="1"
      label="optionB"
    />
  </div>
</div>
`;
