// Jest Snapshot v1, https://goo.gl/fbAQLP

exports[`RecommendationsForm should render successfully 1`] = `
<div
  className="wye-RecommendationsForm root"
>
  <Icon
    className="wye-RecommendationsForm__closeButton closeButton"
    color="currentColor"
    horizontal={false}
    onClick={[Function]}
    path="M19,6.41L17.59,5L12,10.59L6.41,5L5,6.41L10.59,12L5,17.59L6.41,19L12,13.41L17.59,19L19,17.59L13.41,12L19,6.41Z"
    rotate={0}
    size={null}
    spin={false}
    vertical={false}
  />
  <div
    className="wye-RecommendationsForm__formInstructions formInstructions"
  >
    <WithStyles(ForwardRef(Typography))
      className="wye-RecommendationsForm__title title"
      variant="h1"
    >
      Getting Your Recommendations:
    </WithStyles(ForwardRef(Typography))>
    <WithStyles(ForwardRef(Typography))
      variant="body1"
    >
      Wye will compare the libraries of each provided SteamID to generate your recommendations. By default, Wye will recommend the top rated multiplayer game owned by the majority of the entered SteamIDs, but additional filters will become available after the initial search. Use the field below to add up to six SteamIDs, then click "Go!".
    </WithStyles(ForwardRef(Typography))>
  </div>
  <div
    className="wye-RecommendationsForm__userFieldContainer userFieldContainer"
  >
    <WithStyles(UsersField)
      setUsersValue={[Function]}
      usersValue={Array []}
    />
  </div>
  <WithStyles(ActionButton)
    className="wye-RecommendationsForm__submitButton submitButton"
    disabled={true}
    onClick={[Function]}
  />
</div>
`;
