// Jest Snapshot v1, https://goo.gl/fbAQLP

exports[`Page should render its children wrapped with the material theme and css reset 1`] = `
<div
  className="wye-Page root"
>
  <WithStyles(Header)
    classes={Object {}}
  />
  <div
    className="wye-Page__innerContent innerContent"
  >
    <Component />
  </div>
</div>
`;
