// Jest Snapshot v1, https://goo.gl/fbAQLP

exports[`AdvancedFiltersForm should render successfully 1`] = `
<WithStyles(OnClickOutsideWrapper)
  handleClickOutside={[Function]}
>
  <WithStyles(ForwardRef(Container))
    className="wye-AdvancedFiltersForm root"
    disableGutters={true}
  >
    <Styled(MuiBox)
      className="wye-AdvancedFiltersForm__closeButtonContainer closeButtonContainer"
    >
      <WithStyles(ButtonWithHoverFill)
        classes={Object {}}
        displayLabel={false}
        handleClick={[Function]}
        icon="M19,6.41L17.59,5L12,10.59L6.41,5L5,6.41L10.59,12L5,17.59L6.41,19L12,13.41L17.59,19L19,17.59L13.41,12L19,6.41Z"
        label="Close"
      />
    </Styled(MuiBox)>
    <Styled(MuiBox)
      className="wye-AdvancedFiltersForm__fieldsContainer fieldsContainer"
    >
      <Form>
        <WithStyles(ForwardRef(Typography))
          className="wye-AdvancedFiltersForm__fieldSectionTitle fieldSectionTitle"
          variant="body1"
        >
          Users:
        </WithStyles(ForwardRef(Typography))>
        <Field
          name="users"
        >
          <Component />
        </Field>
        <Styled(MuiBox)
          className="wye-AdvancedFiltersForm__fieldSection fieldSection"
          my={4}
        >
          <WithStyles(ForwardRef(Typography))
            className="wye-AdvancedFiltersForm__fieldSectionTitle fieldSectionTitle"
            variant="body1"
          >
            Game Filters:
          </WithStyles(ForwardRef(Typography))>
          <Styled(MuiBox)
            my={2}
          >
            <Field
              name="filters"
            >
              <Component />
            </Field>
          </Styled(MuiBox)>
          <Styled(MuiBox)
            my={2}
          >
            <Field
              name="filters"
            >
              <Component />
            </Field>
          </Styled(MuiBox)>
          <Styled(MuiBox)
            my={2}
          >
            <Field
              name="filters"
            >
              <Component />
            </Field>
          </Styled(MuiBox)>
          <Styled(MuiBox)
            my={2}
          >
            <Field
              name="filters"
            >
              <Component />
            </Field>
          </Styled(MuiBox)>
          <Styled(MuiBox)
            my={2}
          >
            <Field
              name="filters"
            >
              <Component />
            </Field>
          </Styled(MuiBox)>
          <Styled(MuiBox)
            my={2}
          >
            <Field
              name="filters"
            >
              <Component />
            </Field>
          </Styled(MuiBox)>
          <Styled(MuiBox)
            my={2}
          >
            <Field
              name="filters"
            >
              <Component />
            </Field>
          </Styled(MuiBox)>
          <Styled(MuiBox)
            my={2}
          >
            <Field
              name="filters"
            >
              <Component />
            </Field>
          </Styled(MuiBox)>
          <Styled(MuiBox)
            my={2}
          >
            <Field
              name="filters"
            >
              <Component />
            </Field>
          </Styled(MuiBox)>
        </Styled(MuiBox)>
        <Styled(MuiBox)
          className="wye-AdvancedFiltersForm__fieldSection fieldSection"
          my={4}
        >
          <WithStyles(ForwardRef(Typography))
            className="wye-AdvancedFiltersForm__fieldSectionTitle fieldSectionTitle"
            variant="body1"
          >
            Sorting:
          </WithStyles(ForwardRef(Typography))>
          <Styled(MuiBox)
            my={2}
          >
            <Field
              name="orderBy"
            >
              <Component />
            </Field>
          </Styled(MuiBox)>
          <Styled(MuiBox)
            my={2}
          >
            <Field
              name="sortOrder"
            >
              <Component />
            </Field>
          </Styled(MuiBox)>
        </Styled(MuiBox)>
      </Form>
    </Styled(MuiBox)>
    <Styled(MuiBox)
      className="wye-AdvancedFiltersForm__submitButtonContainer submitButtonContainer"
      my={4}
    >
      <WithStyles(ActionButton)
        classes={Object {}}
        disabled={true}
        label="Filter"
        onClick={[Function]}
      />
    </Styled(MuiBox)>
  </WithStyles(ForwardRef(Container))>
</WithStyles(OnClickOutsideWrapper)>
`;

exports[`AdvancedFiltersFormWithFormik should render successfully 1`] = `
<ContextProvider
  value={
    Object {
      "dirty": false,
      "errors": Object {},
      "getFieldHelpers": [Function],
      "getFieldMeta": [Function],
      "getFieldProps": [Function],
      "handleBlur": [Function],
      "handleChange": [Function],
      "handleReset": [Function],
      "handleSubmit": [Function],
      "initialErrors": Object {},
      "initialStatus": undefined,
      "initialTouched": Object {},
      "initialValues": Object {
        "filters": Object {
          "gameFilters": Object {},
        },
        "orderBy": Array [],
        "sortOrder": "DESC",
        "users": Array [],
      },
      "isSubmitting": false,
      "isValid": true,
      "isValidating": false,
      "registerField": [Function],
      "resetForm": [Function],
      "setErrors": [Function],
      "setFieldError": [Function],
      "setFieldTouched": [Function],
      "setFieldValue": [Function],
      "setFormikState": [Function],
      "setStatus": [Function],
      "setSubmitting": [Function],
      "setTouched": [Function],
      "setValues": [Function],
      "status": undefined,
      "submitCount": 0,
      "submitForm": [Function],
      "touched": Object {},
      "unregisterField": [Function],
      "validateField": [Function],
      "validateForm": [Function],
      "validateOnBlur": true,
      "validateOnChange": true,
      "validateOnMount": false,
      "values": Object {
        "filters": Object {
          "gameFilters": Object {},
        },
        "orderBy": Array [],
        "sortOrder": "DESC",
        "users": Array [],
      },
    }
  }
>
  <WithStyles(AdvancedFiltersForm)
    classes={Object {}}
    formik={
      Object {
        "dirty": false,
        "errors": Object {},
        "getFieldHelpers": [Function],
        "getFieldMeta": [Function],
        "getFieldProps": [Function],
        "handleBlur": [Function],
        "handleChange": [Function],
        "handleReset": [Function],
        "handleSubmit": [Function],
        "initialErrors": Object {},
        "initialStatus": undefined,
        "initialTouched": Object {},
        "initialValues": Object {
          "filters": Object {
            "gameFilters": Object {},
          },
          "orderBy": Array [],
          "sortOrder": "DESC",
          "users": Array [],
        },
        "isSubmitting": false,
        "isValid": true,
        "isValidating": false,
        "registerField": [Function],
        "resetForm": [Function],
        "setErrors": [Function],
        "setFieldError": [Function],
        "setFieldTouched": [Function],
        "setFieldValue": [Function],
        "setFormikState": [Function],
        "setStatus": [Function],
        "setSubmitting": [Function],
        "setTouched": [Function],
        "setValues": [Function],
        "status": undefined,
        "submitCount": 0,
        "submitForm": [Function],
        "touched": Object {},
        "unregisterField": [Function],
        "validateField": [Function],
        "validateForm": [Function],
        "validateOnBlur": true,
        "validateOnChange": true,
        "validateOnMount": false,
        "values": Object {
          "filters": Object {
            "gameFilters": Object {},
          },
          "orderBy": Array [],
          "sortOrder": "DESC",
          "users": Array [],
        },
      }
    }
    initialValues={Object {}}
    items={
      Array [
        Object {
          "node": Object {
            "game": Object {
              "appid": "1",
              "developers": Array [
                "a",
              ],
              "genres": Array [
                "a",
              ],
              "name": "foo",
              "publishers": Array [
                "a",
              ],
              "tags": Array [
                "a",
              ],
            },
          },
        },
      ]
    }
  />
</ContextProvider>
`;
