// Jest Snapshot v1, https://goo.gl/fbAQLP

exports[`BrowseCard popper content should only render a Popper if an anchorEl is defined 1`] = `
<WithStyles(Popper)
  anchorEl={Object {}}
>
  <WithStyles(ForwardRef(Typography))
    className="wye-BrowseCard__title title"
    variant="h3"
  >
    foo
  </WithStyles(ForwardRef(Typography))>
  <video
    autoPlay={true}
    className="wye-BrowseCard__trailer trailer"
    height="215"
    loop={true}
    muted={true}
    playsInline={true}
    poster="/featuredItemSpacer.png"
    preload="none"
    src="trailer#t=0"
    width="384"
  >
    foo
  </video>
  <WithStyles(ForwardRef(Typography))
    className="wye-BrowseCard__withEllipsis withEllipsis"
    variant="body2"
  >
    <span
      className="wye-BrowseCard__category category"
    >
      Developers: 
    </span>
     
    a, b
  </WithStyles(ForwardRef(Typography))>
  <WithStyles(ForwardRef(Typography))
    className="wye-BrowseCard__withEllipsis withEllipsis"
    gutterBottom={true}
    variant="body2"
  >
    <span
      className="wye-BrowseCard__category category"
    >
      Publishers: 
    </span>
     
    a, b
  </WithStyles(ForwardRef(Typography))>
  <WithStyles(ForwardRef(Typography))
    variant="body2"
  >
    <span
      className="wye-BrowseCard__category category"
    >
      User Rating:
       
    </span>
     
    93
    %
  </WithStyles(ForwardRef(Typography))>
  <WithStyles(ForwardRef(Typography))
    gutterBottom={true}
    variant="body2"
  >
    <span
      className="wye-BrowseCard__category category"
    >
      Owners: 
    </span>
     
    10,000 .. 20,000
  </WithStyles(ForwardRef(Typography))>
  <WithStyles(ForwardRef(Typography))
    variant="body2"
  >
    Genres:
  </WithStyles(ForwardRef(Typography))>
  <div
    className="wye-BrowseCard__genresContainer genresContainer"
  >
    <WithStyles(ForwardRef(Chip))
      className="wye-BrowseCard__chip chip"
      classes={
        Object {
          "label": "wye-BrowseCard__chipLabel chipLabel",
        }
      }
      key="0"
      label="a"
      size="small"
    />
    <WithStyles(ForwardRef(Chip))
      className="wye-BrowseCard__chip chip"
      classes={
        Object {
          "label": "wye-BrowseCard__chipLabel chipLabel",
        }
      }
      key="1"
      label="b"
      size="small"
    />
    <WithStyles(ForwardRef(Chip))
      className="wye-BrowseCard__chip chip"
      classes={
        Object {
          "label": "wye-BrowseCard__chipLabel chipLabel",
        }
      }
      key="2"
      label="c"
      size="small"
    />
  </div>
</WithStyles(Popper)>
`;

exports[`BrowseCard should render CardActions if the cardActionLabel, cardActionLinkPath, and cardActionHref props are defined 1`] = `
<WithStyles(ForwardRef(CardActions))
  className="wye-BrowseCard__actionsContainer actionsContainer"
>
  <Link
    as="path"
    href="href"
  >
    <a
      className="wye-BrowseCard__actionLink actionLink"
    >
      <WithStyles(ForwardRef(Typography))
        className="wye-BrowseCard__actionLinkLabel actionLinkLabel"
        variant="body1"
      >
        label
      </WithStyles(ForwardRef(Typography))>
    </a>
  </Link>
</WithStyles(ForwardRef(CardActions))>
`;

exports[`BrowseCard should render a horizontal CardContent if the variant is horizontal 1`] = `
<WithStyles(ForwardRef(CardContent))
  className="wye-BrowseCard__horizontalContent horizontalContent"
>
  <div
    className="wye-BrowseCard__usersContainer usersContainer"
  >
    <WithStyles(UserAvatar)
      data={
        Object {
          "avatarImageUrl": "img",
          "avatarName": "name",
          "id": "1",
          "onlineStatus": "Online",
          "profileUrl": "url",
        }
      }
      gameDetails={
        Object {
          "hoursPlayed": 3.5,
          "ownsGame": true,
          "recentlyPlayedGame": true,
        }
      }
      key="1"
    />
  </div>
  <div
    className="wye-BrowseCard__contentWrapper contentWrapper"
  >
    <WithStyles(ForwardRef(Typography))
      className="wye-BrowseCard__horizontalTitle horizontalTitle"
      variant="h2"
    >
      foo
    </WithStyles(ForwardRef(Typography))>
    <div
      className="wye-BrowseCard__horizontalSubContent horizontalSubContent"
    >
      <WithStyles(PriceWidget)
        data={
          Object {
            "discountPercentage": 0,
            "finalFormatted": "$0.00",
            "freeToPlay": true,
            "initialFormatted": "$0.00",
            "onSale": false,
          }
        }
      />
    </div>
  </div>
</WithStyles(ForwardRef(CardContent))>
`;

exports[`BrowseCard should render successfully 1`] = `
<WithStyles(ForwardRef(Card))
  className="wye-BrowseCard wye-BrowseCard--header root header"
>
  <Link
    as="/game/1"
    href="/game/[id]"
  >
    <a
      className="wye-BrowseCard__gameLink wye-BrowseCard__gameLink--header gameLink gameLinkHeader"
    >
      <WithStyles(ForwardRef(CardActionArea))
        className="wye-BrowseCard__actionArea actionArea"
        onMouseEnter={[Function]}
        onMouseLeave={[Function]}
      >
        <WithStyles(ForwardRef(CardContent))
          className="wye-BrowseCard__content content"
        >
          <WithStyles(HeroImage)
            altText="foo"
            className="wye-BrowseCard__media media"
            imageSrc="header"
            placeholderPath="header"
            squaredBottom={false}
            squaredRight={false}
          />
        </WithStyles(ForwardRef(CardContent))>
      </WithStyles(ForwardRef(CardActionArea))>
    </a>
  </Link>
  <div
    className="wye-BrowseCard__priceWidget priceWidget"
  >
    <WithStyles(PriceWidget)
      data={
        Object {
          "discountPercentage": 0,
          "finalFormatted": "$0.00",
          "freeToPlay": true,
          "initialFormatted": "$0.00",
          "onSale": false,
        }
      }
      skinny={true}
    />
  </div>
</WithStyles(ForwardRef(Card))>
`;
