// Jest Snapshot v1, https://goo.gl/fbAQLP

exports[`RecommendationsGrid should render successfully 1`] = `
<RecommendationsGrid
  classes={
    Object {
      "root": "root",
    }
  }
  users={
    Array [
      "foo",
    ]
  }
>
  <WithStyles(LoadingState)
    classes={Object {}}
  >
    <LoadingState
      classes={
        Object {
          "root": "LoadingState-root-1",
        }
      }
    >
      <div
        className="wye-LoadingState LoadingState-root-1"
      />
    </LoadingState>
  </WithStyles(LoadingState)>
</RecommendationsGrid>
`;
