// Jest Snapshot v1, https://goo.gl/fbAQLP

exports[`RecommendationsGrid should render successfully 1`] = `
<RecommendationsGrid
  classes={
    Object {
      "avatarContainer": "avatarContainer",
      "editButton": "editButton",
      "editIcon": "editIcon",
      "root": "root",
      "subGrid": "subGrid",
      "subGridTitle": "subGridTitle",
      "subGridTitleCenteredWhenMd": "subGridTitleCenteredWhenMd",
      "subGridWithDivider": "subGridWithDivider",
    }
  }
  dispatch={[MockFunction]}
  users={
    Array [
      "foo",
    ]
  }
>
  <WithStyles(LoadingState)
    classes={Object {}}
  >
    <LoadingState
      classes={
        Object {
          "root": "LoadingState-root-1",
        }
      }
    >
      <div
        className="wye-LoadingState LoadingState-root-1"
      />
    </LoadingState>
  </WithStyles(LoadingState)>
</RecommendationsGrid>
`;
