// Jest Snapshot v1, https://goo.gl/fbAQLP

exports[`PaginationWidget should render successfully 1`] = `
<div
  className="wye-PaginationWidget root"
>
  <WithStyles(ForwardRef(Button))
    className="wye-PaginationWidget__paddle paddle"
    disabled={true}
    onClick={[Function]}
  >
    <Icon
      className="wye-PaginationWidget__paddleIcon wye-PaginationWidget__paddleIcon--disabled paddleIcon paddleIconDisabled"
      color={null}
      horizontal={false}
      path="M18.41,16.59L13.82,12L18.41,7.41L17,6L11,12L17,18L18.41,16.59M6,6H8V18H6V6Z"
      rotate={0}
      size={null}
      spin={false}
      vertical={false}
    />
  </WithStyles(ForwardRef(Button))>
  <WithStyles(ForwardRef(Button))
    className="wye-PaginationWidget__paddle paddle"
    disabled={true}
    onClick={[Function]}
  >
    <Icon
      className="wye-PaginationWidget__paddleIcon wye-PaginationWidget__paddleIcon--disabled paddleIcon paddleIconDisabled"
      color={null}
      horizontal={false}
      path="M15.41,16.58L10.83,12L15.41,7.41L14,6L8,12L14,18L15.41,16.58Z"
      rotate={0}
      size={null}
      spin={false}
      vertical={false}
    />
  </WithStyles(ForwardRef(Button))>
  <WithStyles(ForwardRef(Typography))
    variant="body2"
  >
    Page 1 of 3
  </WithStyles(ForwardRef(Typography))>
  <WithStyles(ForwardRef(Button))
    className="wye-PaginationWidget__paddle paddle"
    disabled={false}
    onClick={[Function]}
  >
    <Icon
      className="wye-PaginationWidget__paddleIcon paddleIcon"
      color={null}
      horizontal={false}
      path="M8.59,16.58L13.17,12L8.59,7.41L10,6L16,12L10,18L8.59,16.58Z"
      rotate={0}
      size={null}
      spin={false}
      vertical={false}
    />
  </WithStyles(ForwardRef(Button))>
  <WithStyles(ForwardRef(Button))
    className="wye-PaginationWidget__paddle paddle"
    disabled={false}
    onClick={[Function]}
  >
    <Icon
      className="wye-PaginationWidget__paddleIcon paddleIcon"
      color={null}
      horizontal={false}
      path="M5.59,7.41L10.18,12L5.59,16.59L7,18L13,12L7,6L5.59,7.41M16,6H18V18H16V6Z"
      rotate={0}
      size={null}
      spin={false}
      vertical={false}
    />
  </WithStyles(ForwardRef(Button))>
</div>
`;
