// Jest Snapshot v1, https://goo.gl/fbAQLP

exports[`Game should render successfully 1`] = `
<Game
  classes={
    Object {
      "root": "root",
    }
  }
>
  <div
    className="wye-Game root"
  >
    <WithStyles(LoadingState)
      classes={Object {}}
    >
      <LoadingState
        classes={
          Object {
            "progressIndicator": "LoadingState-progressIndicator-2",
            "root": "LoadingState-root-1",
          }
        }
      >
        <div
          className="wye-LoadingState LoadingState-root-1"
        >
          <WithStyles(ForwardRef(CircularProgress))
            className="wye-LoadingState__progressIndicator LoadingState-progressIndicator-2"
          >
            <ForwardRef(CircularProgress)
              className="wye-LoadingState__progressIndicator LoadingState-progressIndicator-2"
              classes={
                Object {
                  "circle": "MuiCircularProgress-circle",
                  "circleDisableShrink": "MuiCircularProgress-circleDisableShrink",
                  "circleIndeterminate": "MuiCircularProgress-circleIndeterminate",
                  "circleStatic": "MuiCircularProgress-circleStatic",
                  "colorPrimary": "MuiCircularProgress-colorPrimary",
                  "colorSecondary": "MuiCircularProgress-colorSecondary",
                  "indeterminate": "MuiCircularProgress-indeterminate",
                  "root": "MuiCircularProgress-root",
                  "static": "MuiCircularProgress-static",
                  "svg": "MuiCircularProgress-svg",
                }
              }
            >
              <div
                className="MuiCircularProgress-root wye-LoadingState__progressIndicator LoadingState-progressIndicator-2 MuiCircularProgress-colorPrimary MuiCircularProgress-indeterminate"
                role="progressbar"
                style={
                  Object {
                    "height": 40,
                    "width": 40,
                  }
                }
              >
                <svg
                  className="MuiCircularProgress-svg"
                  viewBox="22 22 44 44"
                >
                  <circle
                    className="MuiCircularProgress-circle MuiCircularProgress-circleIndeterminate"
                    cx={44}
                    cy={44}
                    fill="none"
                    r={20.2}
                    strokeWidth={3.6}
                    style={Object {}}
                  />
                </svg>
              </div>
            </ForwardRef(CircularProgress)>
          </WithStyles(ForwardRef(CircularProgress))>
        </div>
      </LoadingState>
    </WithStyles(LoadingState)>
  </div>
</Game>
`;
