// Jest Snapshot v1, https://goo.gl/fbAQLP

exports[`WyeApp should render successfully 1`] = `<WyeWithState />`;

exports[`WyeWithState should render successfully 1`] = `
<Fragment>
  <WithStyles(CssBaseline) />
  <NextNProgress
    color="#fff"
    height={3}
    startPosition={0.3}
    stopDelayMs={200}
  />
  <ApolloProvider
    client={[MockFunction]}
  >
    <ContextProvider
      value={
        Object {
          "dispatch": [Function],
          "state": Object {
            "content": "WELCOME",
            "users": Array [],
          },
        }
      }
    >
      <WithStyles(Page)>
        <Component />
      </WithStyles(Page)>
    </ContextProvider>
  </ApolloProvider>
</Fragment>
`;
