// Jest Snapshot v1, https://goo.gl/fbAQLP

exports[`index should render successfully 1`] = `
<div
  className="wye-Index root"
>
  <WithStyles(ForwardRef(Container))
    className="wye-Index__container container"
    disableGutters={true}
    maxWidth={false}
  >
    <div
      className="wye-Index__main main"
    >
      <div
        className="wye-Index__contentContainer contentContainer"
      >
        <div
          className="wye-Index__content content"
        >
          <WelcomeEmptyStateWithContext />
        </div>
      </div>
    </div>
  </WithStyles(ForwardRef(Container))>
  <WithStyles(IndexPageBackground)
    classes={Object {}}
  />
</div>
`;
