// Jest Snapshot v1, https://goo.gl/fbAQLP

exports[`GameDetails should render successfully 1`] = `
<BackgroundQuery>
  <div
    className="wye-GameDetails makeStyles-root-1"
  >
    <WithStyles(ForwardRef(Grid))
      className="wye-GameDetails__detailsContainer wye-GameDetails__detailsContainer--withMdWidth makeStyles-detailsContainer-2 makeStyles-detailsContainerWithMdWidth-3"
      container={true}
      spacing={1}
    >
      <WithStyles(ForwardRef(Grid))
        className="wye-GameDetails__backButtonContainer makeStyles-backButtonContainer-13"
        item={true}
        lg={8}
        xs={12}
      >
        <WithStyles(ButtonWithHoverFill)
          classes={Object {}}
          displayLabel={true}
          handleClick={[Function]}
          icon="M20,9V15H12V19.84L4.16,12L12,4.16V9H20Z"
          label="back"
          transformText={true}
        />
      </WithStyles(ForwardRef(Grid))>
      <WithStyles(ForwardRef(Grid))
        item={true}
        xs={12}
      >
        <WithStyles(ForwardRef(Typography))
          variant="h1"
        />
      </WithStyles(ForwardRef(Grid))>
      <WithStyles(ForwardRef(Grid))
        className="wye-GameDetails__detailsInnerContainer makeStyles-detailsInnerContainer-4"
        container={true}
        item={true}
        justify="space-evenly"
        spacing={1}
        xs={12}
      >
        <WithStyles(MediaCarousel)
          classes={Object {}}
          media={
            Array [
              Object {},
            ]
          }
        />
        <WithWidth(WithStyles(ReleaseInfoBlock))
          data={
            Object {
              "highlightedVideos": Array [
                Object {},
              ],
              "requirements": Object {
                "minimum": "",
              },
              "screenshots": Array [],
              "videos": Array [],
            }
          }
          mdWidth={5}
        />
      </WithStyles(ForwardRef(Grid))>
      <div
        className="wye-GameDetails__priceContainer makeStyles-priceContainer-7"
      >
        <WithWidth(WithStyles(PriceInfoBlock))
          data={
            Object {
              "metacritic": undefined,
              "price": undefined,
            }
          }
        />
      </div>
      <div
        className="wye-GameDetails__articlesContainer makeStyles-articlesContainer-11"
      >
        <div
          className="wye-GameDetails__spacer makeStyles-spacer-16"
        />
        <WithStyles(GameArticles)
          articles={
            Array [
              Object {
                "printDate": "date",
                "title": "title",
                "url": "url",
              },
            ]
          }
          classes={Object {}}
        />
      </div>
    </WithStyles(ForwardRef(Grid))>
  </div>
</BackgroundQuery>
`;
