// Jest Snapshot v1, https://goo.gl/fbAQLP

exports[`GameDetails should render successfully 1`] = `
<BackgroundQuery>
  <div
    className="wye-GameDetails makeStyles-root-1"
  >
    <WithStyles(ForwardRef(Grid))
      className="wye-GameDetails__detailsContainer wye-GameDetails__detailsContainer--withMdWidth makeStyles-detailsContainer-2 makeStyles-detailsContainerWithMdWidth-3"
      container={true}
      spacing={1}
    >
      <WithStyles(ForwardRef(Grid))
        item={true}
        lg={8}
        xs={12}
      >
        <WithStyles(ForwardRef(Button))
          className="wye-GameDetails__recommendationsButton makeStyles-recommendationsButton-9"
          onClick={[Function]}
        >
          <Icon
            className="wye-GameDetails__icon makeStyles-icon-10"
            color={null}
            horizontal={false}
            path="M20,9V15H12V19.84L4.16,12L12,4.16V9H20Z"
            rotate={0}
            size={null}
            spin={false}
            vertical={false}
          />
          <WithStyles(ForwardRef(Typography))
            variant="body2"
          >
            recommendations
          </WithStyles(ForwardRef(Typography))>
        </WithStyles(ForwardRef(Button))>
      </WithStyles(ForwardRef(Grid))>
      <WithStyles(ForwardRef(Grid))
        item={true}
        xs={12}
      >
        <WithStyles(ForwardRef(Typography))
          variant="h1"
        />
      </WithStyles(ForwardRef(Grid))>
      <WithStyles(ForwardRef(Grid))
        className="wye-GameDetails__detailsInnerContainer makeStyles-detailsInnerContainer-4"
        container={true}
        item={true}
        justify="space-evenly"
        spacing={1}
        xs={12}
      >
        <WithStyles(MediaCarousel)
          classes={Object {}}
          media={
            Array [
              Object {},
            ]
          }
        />
        <WithWidth(WithStyles(ReleaseInfoBlock))
          data={
            Object {
              "highlightedVideos": Array [
                Object {},
              ],
              "screenshots": Array [],
              "videos": Array [],
            }
          }
          mdWidth={5}
        />
      </WithStyles(ForwardRef(Grid))>
      <div
        className="wye-GameDetails__priceContainer makeStyles-priceContainer-7"
      >
        <WithWidth(WithStyles(PriceInfoBlock))
          data={
            Object {
              "metacritic": undefined,
              "price": undefined,
            }
          }
        />
      </div>
    </WithStyles(ForwardRef(Grid))>
    <WithStyles(GameArticles)
      articles={Array []}
      classes={Object {}}
    />
  </div>
</BackgroundQuery>
`;
